// Jest Snapshot v1, https://goo.gl/fbAQLP

exports[`Tests on EntryItem component should match with the snapshot 1`] = `
<div class="entry-container mb-3 pointer p-2">
  <!-- Title -->
  <div class="entry-title d-flex"><span class="text-success fs-5 fw-bold">31</span><span class="mx-1 fs-5">May</span><span class="mx-2 fw-light">2022, Thursday</span></div>
  <div class="entry-description">Hello From Journal
    'Labore dolor laborum aliqua est excepteur labore Lorem. Laborum sint elit sit culpa labore. Eiusmod id et amet...</div>
</div>
`;
