// Jest Snapshot v1, https://goo.gl/fbAQLP

exports[`Tests on EntryList should call getEntriesByTerm and show 2 entries 1`] = `
<div class="entry-list-container">
  <div class="px-2 pt-2"><input type="text" class="form-control" placeholder="Search Entry"></div>
  <div class="mt-2 d-flex flex-column"><button class="btn btn-primary mx-3"><i class="fa fa-plus-circle"></i> New Entry </button></div>
  <div class="entry-scrollarea">
    <entry-item-stub entry="[object Object]"></entry-item-stub>
    <entry-item-stub entry="[object Object]"></entry-item-stub>
  </div>
</div>
`;
