// Jest Snapshot v1, https://goo.gl/fbAQLP

exports[`Tests on EntryView component should show the proper entry 1`] = `
<div class="entry-title d-flex justify-content-between p-2">
  <div><span class="text-success fs-3 fw-bold">31</span><span class="mx-1 fs-3">May</span><span class="mx-2 fs-4 fw-light">2022, Thursday</span></div>
  <div><input type="file" accept="image/png, image/jpeg" style="display: none;"><button class="btn btn-danger mx-2"> Delete <i class="fa fa-trash-alt"></i></button><button class="btn btn-primary"> Upload Photo <i class="fa fa-upload"></i></button></div>
</div>
<hr>
<!-- Need to add a template to wrap both root -->
<div class="d-flex flex-column px-3 h-75"><textarea placeholder="What happened today?"></textarea>
  <fab-button-stub icon="fa-save"></fab-button-stub>
  <!--v-if-->
  <!--v-if-->
</div>
`;
