// Jest Snapshot v1, https://goo.gl/fbAQLP

exports[`Tests on About View component should match with the snapshot 1`] = `[Function]`;
